TRAIN FILES = 254121
TEST FILES = 33642
TRAIN 5000 / 254121
TRAIN 10000 / 254121
TRAIN 15000 / 254121
TRAIN 20000 / 254121
TRAIN 25000 / 254121
TRAIN 30000 / 254121
TRAIN 35000 / 254121
TRAIN 40000 / 254121
TRAIN 45000 / 254121
TRAIN 50000 / 254121
TRAIN 55000 / 254121
TRAIN 60000 / 254121
TRAIN 65000 / 254121
TRAIN 70000 / 254121
TRAIN 75000 / 254121
TRAIN 80000 / 254121
TRAIN 85000 / 254121
TRAIN 90000 / 254121
TRAIN 95000 / 254121
TRAIN 100000 / 254121
TRAIN 105000 / 254121
TRAIN 110000 / 254121
TRAIN 115000 / 254121
TRAIN 120000 / 254121
TRAIN 125000 / 254121
TRAIN 130000 / 254121
TRAIN 135000 / 254121
TRAIN 140000 / 254121
TRAIN 145000 / 254121
TRAIN 150000 / 254121
TRAIN 155000 / 254121
TRAIN 160000 / 254121
TRAIN 165000 / 254121
TRAIN 170000 / 254121
TRAIN 175000 / 254121
TRAIN 180000 / 254121
TRAIN 185000 / 254121
TRAIN 190000 / 254121
TRAIN 195000 / 254121
TRAIN 200000 / 254121
TRAIN 205000 / 254121
TRAIN 210000 / 254121
TRAIN 215000 / 254121
TRAIN 220000 / 254121
TRAIN 225000 / 254121
TRAIN 230000 / 254121
TRAIN 235000 / 254121
TRAIN 240000 / 254121
TRAIN 245000 / 254121
TRAIN 250000 / 254121
TEST 5000 / 33642
TEST 10000 / 33642
TEST 15000 / 33642
TEST 20000 / 33642
TEST 25000 / 33642
TEST 30000 / 33642
{
  "train_files": 254121,
  "test_files": 33642,
  "train_decode_errors": 0,
  "test_decode_errors": 0,
  "decoded_rgb_train_test_overlap": 0,
  "overlap_examples": [],
  "cross_dataset_duplicate_hashes": 0,
  "cross_dataset_duplicate_examples": [],
  "train_error_examples": [],
  "test_error_examples": []
}
