/home/aiotlab/miniconda3/envs/X2DFD/lib/python3.10/site-packages/torch/cuda/__init__.py:51: FutureWarning: The pynvml package is deprecated. Please install nvidia-ml-py instead. If you did not install pynvml directly, please report this to the maintainers of the package that installed pynvml for you.
  import pynvml  # type: ignore[import]
blending scores = 8
diffusion scores = 8
frequency scores = 8
texture scores = 8
FINAL CALIBRATOR SOURCE = root['experts']
FINAL CALIBRATOR TYPES = {'blending': 'sklearn.isotonic.IsotonicRegression', 'diffusion': 'sklearn.isotonic.IsotonicRegression', 'frequency': 'sklearn.isotonic.IsotonicRegression', 'texture': 'sklearn.isotonic.IsotonicRegression'}

==========================================================================================
FULL ROUTER-MOE CACHE
==========================================================================================
Expected = 8
Cache    = 8
Missing  = 0

ROUTE DISTRIBUTION
blending    50.00%
diffusion    0.00%
frequency   12.50%
texture     37.50%

Mean confidence = 0.3073
Mean margin     = 0.0375

ROUTER CACHE READY ✅
